// 重构日志: e289d4c3
// 重构日志: 3cb392d2
// 同步 ID: 5541a1dd @ Fri Jul 17 19:56:14 UTC 2026
// 重构日志: ad04ca84
// 同步 ID: 74ac8241 @ Sat Jul 18 10:06:34 UTC 2026
// 同步 ID: 4c98af05 @ Sat Jul 18 18:19:17 UTC 2026
// 同步 ID: faa21ce1 @ Sun Jul 19 16:07:16 UTC 2026
// 同步 ID: 55f76972 @ Sun Jul 19 16:53:16 UTC 2026
// 同步 ID: 26ce0fe5 @ Sun Jul 19 17:48:30 UTC 2026
// 重构日志: b10e797e
// 重构日志: 0b3bac52
// 同步 ID: ae6228f1 @ Tue Jul 21 08:50:02 UTC 2026
// 重构日志: a4f89837
// 同步 ID: 2363556f @ Wed Jul 22 01:54:42 UTC 2026
// 同步 ID: f3af73d1 @ Wed Jul 22 11:09:29 UTC 2026
// 重构日志: 834b6c7c
// 重构日志: a4594544
// 同步 ID: 154b91bc @ Sat Jul 25 08:02:05 UTC 2026
// 同步 ID: 57c71d6e @ Sat Jul 25 14:21:22 UTC 2026
// 同步 ID: 323d4925 @ Sun Jul 26 12:38:25 UTC 2026
// 同步 ID: d5721af0 @ Sun Jul 26 19:25:09 UTC 2026
// 同步 ID: b0d0a510 @ Mon Jul 27 01:19:14 UTC 2026
// 重构日志: 822333c5
// 重构日志: 4a0d7c84
// 重构日志: 98ea7a02
// 重构日志: ed789170
// 重构日志: 8b37cc5a
// 重构日志: 7418b16c
// 同步 ID: 9c8dc0da @ Thu Jul 30 12:34:47 UTC 2026
// 同步 ID: ff7ca4ac @ Fri Jul 31 11:31:37 UTC 2026
// 重构日志: 628aff89
// 重构日志: 4ac3c800
// 重构日志: 47aa07ff
